exports[`InstagramEmbed Render 1`] = `
<div
  dangerouslySetInnerHTML={
    Object {
      "__html": null,
    }
  } />
`;
